CREATE ROLE
CREATE ROLE
GRANT
GRANT
GRANT
GRANT
GRANT
DO
ALTER DEFAULT PRIVILEGES
ALTER DEFAULT PRIVILEGES
BEGIN
CREATE TABLE
CREATE TABLE
CREATE TABLE
CREATE INDEX
CREATE TABLE
CREATE TABLE
CREATE TABLE
CREATE INDEX
CREATE TABLE
INSERT 0 1
COMMIT
BEGIN
ALTER TABLE
ALTER TABLE
ALTER TABLE
ALTER TABLE
CREATE INDEX
INSERT 0 1
COMMIT
BEGIN
CREATE TABLE
COMMIT
BEGIN
ALTER TABLE
ALTER TABLE
ALTER TABLE
ALTER TABLE
ALTER TABLE
ALTER TABLE
ALTER TABLE
CREATE TABLE
CREATE INDEX
INSERT 0 1
COMMIT
BEGIN
CREATE TABLE
CREATE INDEX
INSERT 0 1
COMMIT
DO
REVOKE
BEGIN
CREATE INDEX
INSERT 0 1
COMMIT
BEGIN
ALTER TABLE
ALTER TABLE
CREATE INDEX
INSERT 0 1
COMMIT
GRANT
GRANT
GRANT
GRANT
GRANT
DO
ALTER DEFAULT PRIVILEGES
ALTER DEFAULT PRIVILEGES
PostgreSQL role verification passed: 8 migrations including incident triage; runtime business access and audit append allowed; audit/ledger mutation and schema creation denied
