time="2026-09-27T15:44:49+08:00" level=warning msg="Found orphan containers ([holmesgpt-aiops-goal-alert-trigger-1]) for this project. If you removed or renamed this service in your compose file, you can run this command with the --remove-orphans flag to clean it up."
 Container holmesgpt-aiops-goal-redis-1  Running
 Container holmesgpt-aiops-goal-postgres-1  Running
 Container holmesgpt-aiops-goal-openobserve-1  Running
 Container holmesgpt-aiops-goal-incident-db-bootstrap-1  Created
 Container holmesgpt-aiops-goal-order-service-1  Running
 Container holmesgpt-aiops-goal-openobserve-proxy-1  Running
 Container holmesgpt-aiops-goal-otel-collector-1  Running
 Container holmesgpt-aiops-goal-incident-migrate-1  Created
 Container holmesgpt-aiops-goal-holmes-api-1  Running
 Container holmesgpt-aiops-goal-incident-db-finalize-1  Created
 Container holmesgpt-aiops-goal-incident-api-1  Running
 Container holmesgpt-aiops-goal-incident-worker-1  Running
 Container holmesgpt-aiops-goal-postgres-1  Waiting
 Container holmesgpt-aiops-goal-openobserve-proxy-1  Waiting
 Container holmesgpt-aiops-goal-openobserve-proxy-1  Healthy
 Container holmesgpt-aiops-goal-postgres-1  Healthy
 Container holmesgpt-aiops-goal-incident-db-bootstrap-1  Starting
 Container holmesgpt-aiops-goal-incident-db-bootstrap-1  Started
 Container holmesgpt-aiops-goal-postgres-1  Waiting
 Container holmesgpt-aiops-goal-incident-db-bootstrap-1  Waiting
 Container holmesgpt-aiops-goal-incident-db-bootstrap-1  Exited
 Container holmesgpt-aiops-goal-postgres-1  Healthy
 Container holmesgpt-aiops-goal-incident-migrate-1  Starting
 Container holmesgpt-aiops-goal-incident-migrate-1  Started
 Container holmesgpt-aiops-goal-incident-migrate-1  Waiting
 Container holmesgpt-aiops-goal-incident-migrate-1  Exited
 Container holmesgpt-aiops-goal-incident-db-finalize-1  Starting
 Container holmesgpt-aiops-goal-incident-db-finalize-1  Started
 Container holmesgpt-aiops-goal-incident-db-finalize-1  Waiting
 Container holmesgpt-aiops-goal-redis-1  Waiting
 Container holmesgpt-aiops-goal-postgres-1  Waiting
 Container holmesgpt-aiops-goal-incident-migrate-1  Waiting
 Container holmesgpt-aiops-goal-holmes-api-1  Waiting
 Container holmesgpt-aiops-goal-postgres-1  Waiting
 Container holmesgpt-aiops-goal-incident-migrate-1  Waiting
 Container holmesgpt-aiops-goal-incident-db-finalize-1  Waiting
 Container holmesgpt-aiops-goal-redis-1  Waiting
 Container holmesgpt-aiops-goal-postgres-1  Healthy
 Container holmesgpt-aiops-goal-redis-1  Healthy
 Container holmesgpt-aiops-goal-incident-db-finalize-1  Exited
 Container holmesgpt-aiops-goal-redis-1  Healthy
 Container holmesgpt-aiops-goal-incident-migrate-1  Exited
 Container holmesgpt-aiops-goal-incident-db-finalize-1  Exited
 Container holmesgpt-aiops-goal-holmes-api-1  Healthy
 Container holmesgpt-aiops-goal-incident-migrate-1  Exited
 Container holmesgpt-aiops-goal-postgres-1  Healthy
